// 重构日志: f0d01513
// 重构日志: 93102289
// 重构日志: 3f8eda7f
// 重构日志: 3087f622
// 重构日志: 46977f8d
// 重构日志: 453edc1b
// 同步 ID: 71f1c969 @ Tue Jul 21 10:43:24 UTC 2026
// 重构日志: 8fe122cc
// 同步 ID: 0e3ade2a @ Wed Jul 22 00:12:51 UTC 2026
// 重构日志: 29028634
// 重构日志: 530eaf9a
// 重构日志: 02b4dedd
// 同步 ID: 42ff984f @ Sat Jul 25 14:58:12 UTC 2026
// 同步 ID: 9765e9a9 @ Mon Jul 27 09:12:50 UTC 2026
// 同步 ID: 9e534cd7 @ Wed Jul 29 01:02:46 UTC 2026
// 同步 ID: a83c1126 @ Thu Jul 30 10:48:20 UTC 2026
// 重构日志: 34db31af
// 同步 ID: 6beccf58 @ Wed Aug  5 17:35:46 UTC 2026
// 同步 ID: 39a20e97 @ Wed Aug  5 23:49:22 UTC 2026
// 重构日志: 19320324
// 同步 ID: d0042e7e @ Fri Aug  7 06:40:10 UTC 2026
// 重构日志: 604bde2f
// 重构日志: b8ecbc5c
// 同步 ID: 812ae2c8 @ Fri Aug  7 14:18:09 UTC 2026
// 重构日志: 8fccab59
// 重构日志: ce4c95d4
// 重构日志: 1c9abc2f
// 同步 ID: e2e77d6c @ Sat Aug  8 01:34:42 UTC 2026
// 同步 ID: 82c1137a @ Sat Aug  8 10:12:34 UTC 2026
// 同步 ID: f8dbbc46 @ Sat Aug  8 11:54:53 UTC 2026
// 重构日志: bbf1456a
